// Jest Snapshot v1, https://goo.gl/fbAQLP

exports[`Price Component should match snapshot 1`] = `
<View
  style={
    [
      {
        "borderRadius": 8,
        "flexDirection": "row",
        "justifyContent": "space-between",
        "paddingHorizontal": 20,
        "paddingVertical": 13,
      },
      {
        "borderColor": "#E7E8E9",
        "borderWidth": 1,
      },
    ]
  }
  testID="price-container"
>
  <View>
    <View
      style={
        {
          "backgroundColor": "#FF0000",
          "borderRadius": 16,
          "height": 20,
          "left": 245,
          "paddingHorizontal": 16,
          "paddingVertical": 2,
          "position": "absolute",
          "top": -22,
          "width": 92,
        }
      }
    >
      <Text
        style={
          {
            "color": "#FFFFFF",
            "fontFamily": "Inter-Regular",
            "fontSize": 12,
            "lineHeight": 16,
          }
        }
        testID="price-title"
      >
        Save 30%
      </Text>
    </View>
    <Text
      style={
        {
          "color": "#717578",
          "fontFamily": "Inter-Regular",
          "fontSize": 12,
          "letterSpacing": 0.5,
          "lineHeight": 16,
        }
      }
      testID="price-container-title"
    >
      Product Title
    </Text>
    <View
      style={
        {
          "flexDirection": "row",
          "gap": 6,
        }
      }
    >
      <Text
        style={
          {
            "color": "#717578",
            "fontFamily": "Inter-Regular",
            "fontSize": 12,
            "lineHeight": 16,
          }
        }
        testID="light-price-title"
      >
        19.99
      </Text>
      <Text
        style={
          {
            "fontFamily": "Inter-Bold",
            "fontSize": 12,
            "fontWeight": "600",
            "lineHeight": 16,
          }
        }
        testID="bold-price-title"
      >
        14.99
      </Text>
    </View>
  </View>
  <View
    accessibilityState={
      {
        "busy": undefined,
        "checked": undefined,
        "disabled": undefined,
        "expanded": undefined,
        "selected": undefined,
      }
    }
    accessible={true}
    focusable={true}
    onClick={[Function]}
    onResponderGrant={[Function]}
    onResponderMove={[Function]}
    onResponderRelease={[Function]}
    onResponderTerminate={[Function]}
    onResponderTerminationRequest={[Function]}
    onStartShouldSetResponder={[Function]}
    style={
      {
        "alignItems": "center",
        "flexDirection": "row",
      }
    }
    testID="radio-button"
  >
    <View
      style={
        {
          "alignItems": "center",
          "backgroundColor": "#FF0000",
          "borderColor": "#FF0000",
          "borderRadius": 12,
          "borderWidth": 2,
          "height": 24,
          "justifyContent": "center",
          "width": 24,
        }
      }
      testID="radio-button-style"
    >
      <div
        testID="check-icon"
      />
    </View>
  </View>
</View>
`;
