// Jest Snapshot v1, https://goo.gl/fbAQLP

exports[`Close component should match snapshot 1`] = `
<View
  accessibilityState={
    {
      "busy": undefined,
      "checked": undefined,
      "disabled": undefined,
      "expanded": undefined,
      "selected": undefined,
    }
  }
  accessibilityValue={
    {
      "max": undefined,
      "min": undefined,
      "now": undefined,
      "text": undefined,
    }
  }
  accessible={true}
  collapsable={false}
  focusable={false}
  onClick={[Function]}
  onResponderGrant={[Function]}
  onResponderMove={[Function]}
  onResponderRelease={[Function]}
  onResponderTerminate={[Function]}
  onResponderTerminationRequest={[Function]}
  onStartShouldSetResponder={[Function]}
  style={
    {
      "opacity": 1,
      "position": "absolute",
      "right": 42,
      "top": 52,
    }
  }
  testID="close-button"
>
  <div
    testID="close-icon"
  />
</View>
`;
